// Vitest Snapshot v1, https://vitest.dev/guide/snapshot.html

exports[`Ship Details component > Snapshot test > ship details component snapshot 1`] = `
{
  "asFragment": [Function],
  "baseElement": <body>
    <div>
      <div
        class="_shipDetailsCont_28124d"
        data-testid="shipDetails"
      >
        <div
          class="_imgCont_28124d"
        >
          <img
            alt="Imperial Star Destroyer starship"
            src="star-destroyer.jpg"
          />
        </div>
        <div
          class="_addCol_28124d"
        >
          <div
            class="_addWrapper_28124d"
          >
            <div
              class="_priceCont_28124d"
            >
              <div>
                150,000,000
              </div>
              <p>
                credits
              </p>
            </div>
            <div
              class="_financeCont_28124d"
            >
              <div
                class="_financeOffer_28124d"
              >
                <p>
                  Finance Offer
                </p>
                <p
                  class="_offerPrice_28124d"
                  data-testid="financeOffer"
                >
                  6,250,000/month
                </p>
              </div>
              <button>
                Get Pre-Qualified
              </button>
            </div>
            <div
              class="_cont_3c2471"
            >
              <button
                class="_leftBtn_3c2471"
              >
                -
              </button>
              <input
                class="_quantityInput_3c2471"
                max="20"
                min="1"
                type="number"
                value="1"
              />
              <button
                class="_rightBtn_3c2471"
              >
                +
              </button>
            </div>
            <button
              class="_addBtn_28124d"
            >
              ADD
            </button>
          </div>
        </div>
        <div
          class="_descriptionCont_28124d"
        >
          <h1>
            Imperial Star Destroyer
          </h1>
          <p>
            Imperial capital ship description
          </p>
        </div>
        <section
          class="_tableSection_28124d"
        >
          <h2>
            Specification
          </h2>
          <div
            class="_tableCont_28124d"
          >
            <table
              class="_infoTable_28124d"
            >
              <tbody>
                <tr>
                  <th>
                    Model
                  </th>
                  <td>
                    	Imperial I-class Star Destroyer
                  </td>
                </tr>
                <tr>
                  <th>
                    Starship class
                  </th>
                  <td>
                    Star Destroyer
                  </td>
                </tr>
                <tr>
                  <th>
                    Manufacturer
                  </th>
                  <td>
                    Kuat Drive Yards
                  </td>
                </tr>
                <tr>
                  <th>
                    Length
                  </th>
                  <td>
                    1,600
                  </td>
                </tr>
                <tr>
                  <th>
                    Crew
                  </th>
                  <td>
                    47,060
                  </td>
                </tr>
              </tbody>
            </table>
            <table
              class="_infoTable_28124d"
            >
              <tbody>
                <tr>
                  <th>
                    Passengers
                  </th>
                  <td>
                    N/A
                  </td>
                </tr>
                <tr>
                  <th>
                    Max athmospheric speed
                  </th>
                  <td>
                    975
                  </td>
                </tr>
                <tr>
                  <th>
                    Hyperdrive rating
                  </th>
                  <td>
                    	2.0
                  </td>
                </tr>
                <tr>
                  <th>
                    MGLT
                  </th>
                  <td>
                    60
                  </td>
                </tr>
                <tr>
                  <th>
                    Cargo capacity
                  </th>
                  <td>
                    36000000
                  </td>
                </tr>
                <tr>
                  <th>
                    Consumables
                  </th>
                  <td>
                    2 years
                  </td>
                </tr>
              </tbody>
            </table>
          </div>
        </section>
      </div>
    </div>
  </body>,
  "container": <div>
    <div
      class="_shipDetailsCont_28124d"
      data-testid="shipDetails"
    >
      <div
        class="_imgCont_28124d"
      >
        <img
          alt="Imperial Star Destroyer starship"
          src="star-destroyer.jpg"
        />
      </div>
      <div
        class="_addCol_28124d"
      >
        <div
          class="_addWrapper_28124d"
        >
          <div
            class="_priceCont_28124d"
          >
            <div>
              150,000,000
            </div>
            <p>
              credits
            </p>
          </div>
          <div
            class="_financeCont_28124d"
          >
            <div
              class="_financeOffer_28124d"
            >
              <p>
                Finance Offer
              </p>
              <p
                class="_offerPrice_28124d"
                data-testid="financeOffer"
              >
                6,250,000/month
              </p>
            </div>
            <button>
              Get Pre-Qualified
            </button>
          </div>
          <div
            class="_cont_3c2471"
          >
            <button
              class="_leftBtn_3c2471"
            >
              -
            </button>
            <input
              class="_quantityInput_3c2471"
              max="20"
              min="1"
              type="number"
              value="1"
            />
            <button
              class="_rightBtn_3c2471"
            >
              +
            </button>
          </div>
          <button
            class="_addBtn_28124d"
          >
            ADD
          </button>
        </div>
      </div>
      <div
        class="_descriptionCont_28124d"
      >
        <h1>
          Imperial Star Destroyer
        </h1>
        <p>
          Imperial capital ship description
        </p>
      </div>
      <section
        class="_tableSection_28124d"
      >
        <h2>
          Specification
        </h2>
        <div
          class="_tableCont_28124d"
        >
          <table
            class="_infoTable_28124d"
          >
            <tbody>
              <tr>
                <th>
                  Model
                </th>
                <td>
                  	Imperial I-class Star Destroyer
                </td>
              </tr>
              <tr>
                <th>
                  Starship class
                </th>
                <td>
                  Star Destroyer
                </td>
              </tr>
              <tr>
                <th>
                  Manufacturer
                </th>
                <td>
                  Kuat Drive Yards
                </td>
              </tr>
              <tr>
                <th>
                  Length
                </th>
                <td>
                  1,600
                </td>
              </tr>
              <tr>
                <th>
                  Crew
                </th>
                <td>
                  47,060
                </td>
              </tr>
            </tbody>
          </table>
          <table
            class="_infoTable_28124d"
          >
            <tbody>
              <tr>
                <th>
                  Passengers
                </th>
                <td>
                  N/A
                </td>
              </tr>
              <tr>
                <th>
                  Max athmospheric speed
                </th>
                <td>
                  975
                </td>
              </tr>
              <tr>
                <th>
                  Hyperdrive rating
                </th>
                <td>
                  	2.0
                </td>
              </tr>
              <tr>
                <th>
                  MGLT
                </th>
                <td>
                  60
                </td>
              </tr>
              <tr>
                <th>
                  Cargo capacity
                </th>
                <td>
                  36000000
                </td>
              </tr>
              <tr>
                <th>
                  Consumables
                </th>
                <td>
                  2 years
                </td>
              </tr>
            </tbody>
          </table>
        </div>
      </section>
    </div>
  </div>,
  "debug": [Function],
  "findAllByAltText": [Function],
  "findAllByDisplayValue": [Function],
  "findAllByLabelText": [Function],
  "findAllByPlaceholderText": [Function],
  "findAllByRole": [Function],
  "findAllByTestId": [Function],
  "findAllByText": [Function],
  "findAllByTitle": [Function],
  "findByAltText": [Function],
  "findByDisplayValue": [Function],
  "findByLabelText": [Function],
  "findByPlaceholderText": [Function],
  "findByRole": [Function],
  "findByTestId": [Function],
  "findByText": [Function],
  "findByTitle": [Function],
  "getAllByAltText": [Function],
  "getAllByDisplayValue": [Function],
  "getAllByLabelText": [Function],
  "getAllByPlaceholderText": [Function],
  "getAllByRole": [Function],
  "getAllByTestId": [Function],
  "getAllByText": [Function],
  "getAllByTitle": [Function],
  "getByAltText": [Function],
  "getByDisplayValue": [Function],
  "getByLabelText": [Function],
  "getByPlaceholderText": [Function],
  "getByRole": [Function],
  "getByTestId": [Function],
  "getByText": [Function],
  "getByTitle": [Function],
  "queryAllByAltText": [Function],
  "queryAllByDisplayValue": [Function],
  "queryAllByLabelText": [Function],
  "queryAllByPlaceholderText": [Function],
  "queryAllByRole": [Function],
  "queryAllByTestId": [Function],
  "queryAllByText": [Function],
  "queryAllByTitle": [Function],
  "queryByAltText": [Function],
  "queryByDisplayValue": [Function],
  "queryByLabelText": [Function],
  "queryByPlaceholderText": [Function],
  "queryByRole": [Function],
  "queryByTestId": [Function],
  "queryByText": [Function],
  "queryByTitle": [Function],
  "rerender": [Function],
  "unmount": [Function],
}
`;

exports[`Ship Details component > ship details component snapshot 1`] = `
{
  "asFragment": [Function],
  "baseElement": <body>
    <div>
      <div
        class="_shipDetailsCont_28124d"
        data-testid="shipDetails"
      >
        <div
          class="_imgCont_28124d"
        >
          <img
            alt="Imperial Star Destroyer starship"
            src="star-destroyer.jpg"
          />
        </div>
        <div
          class="_addCol_28124d"
        >
          <div
            class="_addWrapper_28124d"
          >
            <div
              class="_priceCont_28124d"
            >
              <div>
                150,000,000
              </div>
              <p>
                credits
              </p>
            </div>
            <div
              class="_financeCont_28124d"
            >
              <div
                class="_financeOffer_28124d"
              >
                <p>
                  Finance Offer
                </p>
                <p
                  class="_offerPrice_28124d"
                  data-testid="financeOffer"
                >
                  6,250,000/month
                </p>
              </div>
              <button>
                Get Pre-Qualified
              </button>
            </div>
            <div
              class="_cont_3c2471"
            >
              <button
                class="_leftBtn_3c2471"
              >
                -
              </button>
              <input
                class="_quantityInput_3c2471"
                max="20"
                min="1"
                type="number"
                value="1"
              />
              <button
                class="_rightBtn_3c2471"
              >
                +
              </button>
            </div>
            <button
              class="_addBtn_28124d"
            >
              ADD
            </button>
          </div>
        </div>
        <div
          class="_descriptionCont_28124d"
        >
          <h1>
            Imperial Star Destroyer
          </h1>
          <p>
            Imperial capital ship description
          </p>
        </div>
        <section
          class="_tableSection_28124d"
        >
          <h2>
            Specification
          </h2>
          <div
            class="_tableCont_28124d"
          >
            <table
              class="_infoTable_28124d"
            >
              <tbody>
                <tr>
                  <th>
                    Model
                  </th>
                  <td>
                    	Imperial I-class Star Destroyer
                  </td>
                </tr>
                <tr>
                  <th>
                    Starship class
                  </th>
                  <td>
                    Star Destroyer
                  </td>
                </tr>
                <tr>
                  <th>
                    Manufacturer
                  </th>
                  <td>
                    Kuat Drive Yards
                  </td>
                </tr>
                <tr>
                  <th>
                    Length
                  </th>
                  <td>
                    1,600
                  </td>
                </tr>
                <tr>
                  <th>
                    Crew
                  </th>
                  <td>
                    47,060
                  </td>
                </tr>
              </tbody>
            </table>
            <table
              class="_infoTable_28124d"
            >
              <tbody>
                <tr>
                  <th>
                    Passengers
                  </th>
                  <td>
                    N/A
                  </td>
                </tr>
                <tr>
                  <th>
                    Max athmospheric speed
                  </th>
                  <td>
                    975
                  </td>
                </tr>
                <tr>
                  <th>
                    Hyperdrive rating
                  </th>
                  <td>
                    	2.0
                  </td>
                </tr>
                <tr>
                  <th>
                    MGLT
                  </th>
                  <td>
                    60
                  </td>
                </tr>
                <tr>
                  <th>
                    Cargo capacity
                  </th>
                  <td>
                    36000000
                  </td>
                </tr>
                <tr>
                  <th>
                    Consumables
                  </th>
                  <td>
                    2 years
                  </td>
                </tr>
              </tbody>
            </table>
          </div>
        </section>
      </div>
    </div>
  </body>,
  "container": <div>
    <div
      class="_shipDetailsCont_28124d"
      data-testid="shipDetails"
    >
      <div
        class="_imgCont_28124d"
      >
        <img
          alt="Imperial Star Destroyer starship"
          src="star-destroyer.jpg"
        />
      </div>
      <div
        class="_addCol_28124d"
      >
        <div
          class="_addWrapper_28124d"
        >
          <div
            class="_priceCont_28124d"
          >
            <div>
              150,000,000
            </div>
            <p>
              credits
            </p>
          </div>
          <div
            class="_financeCont_28124d"
          >
            <div
              class="_financeOffer_28124d"
            >
              <p>
                Finance Offer
              </p>
              <p
                class="_offerPrice_28124d"
                data-testid="financeOffer"
              >
                6,250,000/month
              </p>
            </div>
            <button>
              Get Pre-Qualified
            </button>
          </div>
          <div
            class="_cont_3c2471"
          >
            <button
              class="_leftBtn_3c2471"
            >
              -
            </button>
            <input
              class="_quantityInput_3c2471"
              max="20"
              min="1"
              type="number"
              value="1"
            />
            <button
              class="_rightBtn_3c2471"
            >
              +
            </button>
          </div>
          <button
            class="_addBtn_28124d"
          >
            ADD
          </button>
        </div>
      </div>
      <div
        class="_descriptionCont_28124d"
      >
        <h1>
          Imperial Star Destroyer
        </h1>
        <p>
          Imperial capital ship description
        </p>
      </div>
      <section
        class="_tableSection_28124d"
      >
        <h2>
          Specification
        </h2>
        <div
          class="_tableCont_28124d"
        >
          <table
            class="_infoTable_28124d"
          >
            <tbody>
              <tr>
                <th>
                  Model
                </th>
                <td>
                  	Imperial I-class Star Destroyer
                </td>
              </tr>
              <tr>
                <th>
                  Starship class
                </th>
                <td>
                  Star Destroyer
                </td>
              </tr>
              <tr>
                <th>
                  Manufacturer
                </th>
                <td>
                  Kuat Drive Yards
                </td>
              </tr>
              <tr>
                <th>
                  Length
                </th>
                <td>
                  1,600
                </td>
              </tr>
              <tr>
                <th>
                  Crew
                </th>
                <td>
                  47,060
                </td>
              </tr>
            </tbody>
          </table>
          <table
            class="_infoTable_28124d"
          >
            <tbody>
              <tr>
                <th>
                  Passengers
                </th>
                <td>
                  N/A
                </td>
              </tr>
              <tr>
                <th>
                  Max athmospheric speed
                </th>
                <td>
                  975
                </td>
              </tr>
              <tr>
                <th>
                  Hyperdrive rating
                </th>
                <td>
                  	2.0
                </td>
              </tr>
              <tr>
                <th>
                  MGLT
                </th>
                <td>
                  60
                </td>
              </tr>
              <tr>
                <th>
                  Cargo capacity
                </th>
                <td>
                  36000000
                </td>
              </tr>
              <tr>
                <th>
                  Consumables
                </th>
                <td>
                  2 years
                </td>
              </tr>
            </tbody>
          </table>
        </div>
      </section>
    </div>
  </div>,
  "debug": [Function],
  "findAllByAltText": [Function],
  "findAllByDisplayValue": [Function],
  "findAllByLabelText": [Function],
  "findAllByPlaceholderText": [Function],
  "findAllByRole": [Function],
  "findAllByTestId": [Function],
  "findAllByText": [Function],
  "findAllByTitle": [Function],
  "findByAltText": [Function],
  "findByDisplayValue": [Function],
  "findByLabelText": [Function],
  "findByPlaceholderText": [Function],
  "findByRole": [Function],
  "findByTestId": [Function],
  "findByText": [Function],
  "findByTitle": [Function],
  "getAllByAltText": [Function],
  "getAllByDisplayValue": [Function],
  "getAllByLabelText": [Function],
  "getAllByPlaceholderText": [Function],
  "getAllByRole": [Function],
  "getAllByTestId": [Function],
  "getAllByText": [Function],
  "getAllByTitle": [Function],
  "getByAltText": [Function],
  "getByDisplayValue": [Function],
  "getByLabelText": [Function],
  "getByPlaceholderText": [Function],
  "getByRole": [Function],
  "getByTestId": [Function],
  "getByText": [Function],
  "getByTitle": [Function],
  "queryAllByAltText": [Function],
  "queryAllByDisplayValue": [Function],
  "queryAllByLabelText": [Function],
  "queryAllByPlaceholderText": [Function],
  "queryAllByRole": [Function],
  "queryAllByTestId": [Function],
  "queryAllByText": [Function],
  "queryAllByTitle": [Function],
  "queryByAltText": [Function],
  "queryByDisplayValue": [Function],
  "queryByLabelText": [Function],
  "queryByPlaceholderText": [Function],
  "queryByRole": [Function],
  "queryByTestId": [Function],
  "queryByText": [Function],
  "queryByTitle": [Function],
  "rerender": [Function],
  "unmount": [Function],
}
`;
